2.666667	4.000000	12.000000
5.000000	15.000000	21.666667
0.000000	0.000000	0.000000
