chr1	2	6	.	1000	4.000000
chr1	3	8	.	1000	5.500000
chr2	1	4	.	1000	nan
